// Jest Snapshot v1, https://goo.gl/fbAQLP

exports[`StatusInfo snapshot renders 1`] = `
<div
  className="jumbotron"
>
  <h3>
    No transactions to show
  </h3>
</div>
`;
