// Jest Snapshot v1, https://goo.gl/fbAQLP

exports[`App snapshot renders 1`] = `
<button
  className="btn btn-primary btn-lg"
  disabled={false}
  type="button"
>
  Refresh
</button>
`;
