// Jest Snapshot v1, https://goo.gl/fbAQLP

exports[`StatusInfo snapshot renders 1`] = `
<div
  className="fade alert show"
  role="alert"
/>
`;
